Documentation tasks
-------------------
generateDocs - Generates the HTML documentation for this project.
