Could not determine the dependencies of task ':compileJava'.
> Could not resolve all dependencies for configuration ':compileClasspath'.
   > Failed to calculate the value of task ':compileJava' property 'javaCompiler'.
      > Cannot find a Java installation on your machine matching this tasks requirements: {languageVersion=11, vendor=matching('customString'), implementation=vendor-specific} for %OS% on %ARCH%.
         > No locally installed toolchains match and toolchain auto-provisioning is not enabled.
